1677611484 | i:   0/s | i_avg:   0/s | q_max:    0 | i_ok:   0% | o:    0/s | ok:   0% | ok:   0/s | ok_avg:   0% | ok:          0 | ok_avg:   0/s | d: 0
1677611485 | i:   0/s | i_avg:   0/s | q_max:    0 | i_ok:   0% | o:    0/s | ok:   0% | ok:   0/s | ok_avg:   0% | ok:          0 | ok_avg:   0/s | d: 0
1677611486 | i:   0/s | i_avg:   0/s | q_max:    0 | i_ok:   0% | o:    0/s | ok:   0% | ok:   0/s | ok_avg:   0% | ok:          0 | ok_avg:   0/s | d: 0
1677611487 | i:   0/s | i_avg:   0/s | q_max:    0 | i_ok:   0% | o:    0/s | ok:   0% | ok:   0/s | ok_avg:   0% | ok:          0 | ok_avg:   0/s | d: 0
1677611488 | i:   0/s | i_avg:   0/s | q_max:    0 | i_ok:   0% | o:    0/s | ok:   0% | ok:   0/s | ok_avg:   0% | ok:          0 | ok_avg:   0/s | d: 0
1677611489 | i:   0/s | i_avg:   0/s | q_max:    0 | i_ok:   0% | o:    0/s | ok:   0% | ok:   0/s | ok_avg:   0% | ok:          0 | ok_avg:   0/s | d: 0
1677611490 | i:   0/s | i_avg:   0/s | q_max:    0 | i_ok:   0% | o:    0/s | ok:   0% | ok:   0/s | ok_avg:   0% | ok:          0 | ok_avg:   0/s | d: 0
1677611491 | i:   0/s | i_avg:   0/s | q_max:    0 | i_ok:   0% | o:    0/s | ok:   0% | ok:   0/s | ok_avg:   0% | ok:          0 | ok_avg:   0/s | d: 0
Done.
