fft_burst_tagger :info: set_min_output_buffer on block 3 to 65536